python : INFO:__main__:Starting NVD Async 
Flow Test
At line:1 char:1
+ python test_nvd_async_flow.py > 
test_output.txt 2>&1
+ ~~~~~~~~~~~~~~~~~~~~~~~~~~~~~~~~~~~~~~~~
~~~~~~~~~~~~
    + CategoryInfo          : NotSpecifie 
   d: (INFO:__main__:S...Async Flow Test  
  :String) [], RemoteException
    + FullyQualifiedErrorId : NativeComma 
   ndError
 
INFO:src.services.queue_service:Original 
RABBITMQ_URL scheme: 
amqps://lqjqriur:nsL03p-_OMNlb...
INFO:src.services.queue_service:URLParamet
ers parsed - host: 
chimpanzee.rmq.cloudamqp.com, port: 5671, 
vhost: lqjqriur
INFO:src.services.queue_service:credential
s: PlainCredentials
INFO:src.services.queue_service:SSL 
enabled for AMQPS connection
INFO:src.services.queue_service:Parsed 
RabbitMQ connection using URLParameters: 
host=chimpanzee.rmq.cloudamqp.com:5671, 
vhost=lqjqriur, SSL=True
INFO:__main__:Testing Producer 
(add_job)...
INFO:httpx:HTTP Request: GET http://worldt
imeapi.org/api/timezone/Etc/UTC "HTTP/1.1 
200 OK"
INFO:src.services.time_service:Time 
fetched from WorldTimeAPI: 1765924829.0
INFO:src.repositories.postgres_repository:
NVD tables created/verified successfully
INFO:src.repositories.postgres_repository:
PostgreSQL connection established
WARNING:src.repositories.postgres_reposito
ry:WorldTimeAPI failed, using system 
time: 
INFO:src.repositories.postgres_repository:
Job insert result: INSERT 0 1
INFO:root:DatabaseService: Resultados 
guardados en PostgreSQL. Total: 1
INFO:src.services.queue_service:Job 
1765924828581-1 persisted to Supabase 
with status 'pending'
INFO:src.services.queue_service:Job 
published to RabbitMQ: 1765924828581-1 
for keyword: test_keyword
INFO:__main__:Job added with ID: 
1765924828581-1
INFO:__main__:Verifying 'pending' status 
in Supabase for job 1765924828581-1...
INFO:src.repositories.postgres_repository:
NVD tables created/verified successfully
INFO:src.repositories.postgres_repository:
PostgreSQL connection established
INFO:__main__:\u2705 SUCCESS: Job found 
in Supabase with status 'pending'
INFO:__main__:Simulating Consumer (Update 
to 'processing')...
INFO:httpx:HTTP Request: GET http://worldt
imeapi.org/api/timezone/Etc/UTC "HTTP/1.1 
200 OK"
INFO:src.repositories.postgres_repository:
Job insert result: INSERT 0 1
INFO:root:DatabaseService: Resultados 
guardados en PostgreSQL. Total: 1
INFO:__main__:\u2705 SUCCESS: Job updated 
to 'processing' in Supabase
INFO:__main__:Test Completed Successfully
Exception ignored in: <function 
_ProactorBasePipeTransport.__del__ at 
0x00000170023919D0>
Traceback (most recent call last):
  File "C:\Users\cristian.gomezcoello\AppD
ata\Local\Programs\Python\Python39\lib\asy
ncio\proactor_events.py", line 116, in 
__del__
    self.close()
  File "C:\Users\cristian.gomezcoello\AppD
ata\Local\Programs\Python\Python39\lib\asy
ncio\proactor_events.py", line 108, in 
close
    self._loop.call_soon(self._call_connec
tion_lost, None)
  File "C:\Users\cristian.gomezcoello\AppD
ata\Local\Programs\Python\Python39\lib\asy
ncio\base_events.py", line 751, in 
call_soon
    self._check_closed()
  File "C:\Users\cristian.gomezcoello\AppD
ata\Local\Programs\Python\Python39\lib\asy
ncio\base_events.py", line 515, in 
_check_closed
    raise RuntimeError('Event loop is 
closed')
RuntimeError: Event loop is closed
Exception ignored in: <function 
_ProactorBasePipeTransport.__del__ at 
0x00000170023919D0>
Traceback (most recent call last):
  File "C:\Users\cristian.gomezcoello\AppD
ata\Local\Programs\Python\Python39\lib\asy
ncio\proactor_events.py", line 116, in 
__del__
    self.close()
  File "C:\Users\cristian.gomezcoello\AppD
ata\Local\Programs\Python\Python39\lib\asy
ncio\proactor_events.py", line 108, in 
close
    self._loop.call_soon(self._call_connec
tion_lost, None)
  File "C:\Users\cristian.gomezcoello\AppD
ata\Local\Programs\Python\Python39\lib\asy
ncio\base_events.py", line 751, in 
call_soon
    self._check_closed()
  File "C:\Users\cristian.gomezcoello\AppD
ata\Local\Programs\Python\Python39\lib\asy
ncio\base_events.py", line 515, in 
_check_closed
    raise RuntimeError('Event loop is 
closed')
RuntimeError: Event loop is closed
Exception ignored in: <function 
_ProactorBasePipeTransport.__del__ at 
0x00000170023919D0>
Traceback (most recent call last):
  File "C:\Users\cristian.gomezcoello\AppD
ata\Local\Programs\Python\Python39\lib\asy
ncio\proactor_events.py", line 116, in 
__del__
    self.close()
  File "C:\Users\cristian.gomezcoello\AppD
ata\Local\Programs\Python\Python39\lib\asy
ncio\proactor_events.py", line 108, in 
close
    self._loop.call_soon(self._call_connec
tion_lost, None)
  File "C:\Users\cristian.gomezcoello\AppD
ata\Local\Programs\Python\Python39\lib\asy
ncio\base_events.py", line 751, in 
call_soon
    self._check_closed()
  File "C:\Users\cristian.gomezcoello\AppD
ata\Local\Programs\Python\Python39\lib\asy
ncio\base_events.py", line 515, in 
_check_closed
    raise RuntimeError('Event loop is 
closed')
RuntimeError: Event loop is closed
Exception ignored in: <function 
_ProactorBasePipeTransport.__del__ at 
0x00000170023919D0>
Traceback (most recent call last):
  File "C:\Users\cristian.gomezcoello\AppD
ata\Local\Programs\Python\Python39\lib\asy
ncio\proactor_events.py", line 116, in 
__del__
    self.close()
  File "C:\Users\cristian.gomezcoello\AppD
ata\Local\Programs\Python\Python39\lib\asy
ncio\proactor_events.py", line 108, in 
close
    self._loop.call_soon(self._call_connec
tion_lost, None)
  File "C:\Users\cristian.gomezcoello\AppD
ata\Local\Programs\Python\Python39\lib\asy
ncio\base_events.py", line 751, in 
call_soon
    self._check_closed()
  File "C:\Users\cristian.gomezcoello\AppD
ata\Local\Programs\Python\Python39\lib\asy
ncio\base_events.py", line 515, in 
_check_closed
    raise RuntimeError('Event loop is 
closed')
RuntimeError: Event loop is closed
